py : EEEEE.......E.........F...
At line:1 char:1
+ py test_game.py > test_output.txt 2>&1
+ ~~~~~~~~~~~~~~~~~~~~~~~~~~~~~~~~~~~~~~
    + CategoryInfo          : NotSpecified: (EEEEE....... 
   E.........F...:String) [], RemoteException
    + FullyQualifiedErrorId : NativeCommandError
 
==========================================================
============
ERROR: test_battle_scene_button_text 
(__main__.TestButtonText.test_battle_scene_button_text)
\u6d4b\u8bd5\u6218\u6597\u573a\u666f\u6309\u94ae\u6587\u67
2c
----------------------------------------------------------
------------
Traceback (most recent call last):
  File "C:\Users\loolo\OneDrive\Documents\Project\3Doors\T
hreeDoors\test_game.py", line 296, in setUp
    print("test_button_text\u95e8\u573a\u666f\u521d\u59cb\
u5316\u5b8c\u6210")
    ~~~~~^^^^^^^^^^^^^^^^^^^^^^^^^^^^^^^^^^^^
  File "C:\Users\loolo\AppData\Local\Programs\Python\Pytho
n314\Lib\encodings\cp1252.py", line 19, in encode
    return 
codecs.charmap_encode(input,self.errors,encoding_table)[0]
           
~~~~~~~~~~~~~~~~~~~~~^^^^^^^^^^^^^^^^^^^^^^^^^^^^^^^^^^
UnicodeEncodeError: 'charmap' codec can't encode 
characters in position 16-23: character maps to 
<undefined>

==========================================================
============
ERROR: test_door_scene_button_text 
(__main__.TestButtonText.test_door_scene_button_text)
\u6d4b\u8bd5\u95e8\u573a\u666f\u6309\u94ae\u6587\u672c
----------------------------------------------------------
------------
Traceback (most recent call last):
  File "C:\Users\loolo\OneDrive\Documents\Project\3Doors\T
hreeDoors\test_game.py", line 296, in setUp
    print("test_button_text\u95e8\u573a\u666f\u521d\u59cb\
u5316\u5b8c\u6210")
    ~~~~~^^^^^^^^^^^^^^^^^^^^^^^^^^^^^^^^^^^^
  File "C:\Users\loolo\AppData\Local\Programs\Python\Pytho
n314\Lib\encodings\cp1252.py", line 19, in encode
    return 
codecs.charmap_encode(input,self.errors,encoding_table)[0]
           
~~~~~~~~~~~~~~~~~~~~~^^^^^^^^^^^^^^^^^^^^^^^^^^^^^^^^^^
UnicodeEncodeError: 'charmap' codec can't encode 
characters in position 16-23: character maps to 
<undefined>

==========================================================
============
ERROR: test_game_over_scene_button_text 
(__main__.TestButtonText.test_game_over_scene_button_text)
\u6d4b\u8bd5\u6e38\u620f\u7ed3\u675f\u573a\u666f\u6309\u94
ae\u6587\u672c
----------------------------------------------------------
------------
Traceback (most recent call last):
  File "C:\Users\loolo\OneDrive\Documents\Project\3Doors\T
hreeDoors\test_game.py", line 296, in setUp
    print("test_button_text\u95e8\u573a\u666f\u521d\u59cb\
u5316\u5b8c\u6210")
    ~~~~~^^^^^^^^^^^^^^^^^^^^^^^^^^^^^^^^^^^^
  File "C:\Users\loolo\AppData\Local\Programs\Python\Pytho
n314\Lib\encodings\cp1252.py", line 19, in encode
    return 
codecs.charmap_encode(input,self.errors,encoding_table)[0]
           
~~~~~~~~~~~~~~~~~~~~~^^^^^^^^^^^^^^^^^^^^^^^^^^^^^^^^^^
UnicodeEncodeError: 'charmap' codec can't encode 
characters in position 16-23: character maps to 
<undefined>

==========================================================
============
ERROR: test_shop_scene_button_text 
(__main__.TestButtonText.test_shop_scene_button_text)
\u6d4b\u8bd5\u5546\u5e97\u573a\u666f\u6309\u94ae\u6587\u67
2c
----------------------------------------------------------
------------
Traceback (most recent call last):
  File "C:\Users\loolo\OneDrive\Documents\Project\3Doors\T
hreeDoors\test_game.py", line 296, in setUp
    print("test_button_text\u95e8\u573a\u666f\u521d\u59cb\
u5316\u5b8c\u6210")
    ~~~~~^^^^^^^^^^^^^^^^^^^^^^^^^^^^^^^^^^^^
  File "C:\Users\loolo\AppData\Local\Programs\Python\Pytho
n314\Lib\encodings\cp1252.py", line 19, in encode
    return 
codecs.charmap_encode(input,self.errors,encoding_table)[0]
           
~~~~~~~~~~~~~~~~~~~~~^^^^^^^^^^^^^^^^^^^^^^^^^^^^^^^^^^
UnicodeEncodeError: 'charmap' codec can't encode 
characters in position 16-23: character maps to 
<undefined>

==========================================================
============
ERROR: test_use_item_scene_button_text 
(__main__.TestButtonText.test_use_item_scene_button_text)
\u6d4b\u8bd5\u9053\u5177\u4f7f\u7528\u573a\u666f\u6309\u94
ae\u6587\u672c
----------------------------------------------------------
------------
Traceback (most recent call last):
  File "C:\Users\loolo\OneDrive\Documents\Project\3Doors\T
hreeDoors\test_game.py", line 296, in setUp
    print("test_button_text\u95e8\u573a\u666f\u521d\u59cb\
u5316\u5b8c\u6210")
    ~~~~~^^^^^^^^^^^^^^^^^^^^^^^^^^^^^^^^^^^^
  File "C:\Users\loolo\AppData\Local\Programs\Python\Pytho
n314\Lib\encodings\cp1252.py", line 19, in encode
    return 
codecs.charmap_encode(input,self.errors,encoding_table)[0]
           
~~~~~~~~~~~~~~~~~~~~~^^^^^^^^^^^^^^^^^^^^^^^^^^^^^^^^^^
UnicodeEncodeError: 'charmap' codec can't encode 
characters in position 16-23: character maps to 
<undefined>

==========================================================
============
ERROR: test_random_button_clicks 
(__main__.TestGameStability.test_random_button_clicks)
\u6d4b\u8bd5\u968f\u673a\u70b9\u51fb\u6309\u94ae1000\u6b21
\uff0c\u786e\u4fdd\u6e38\u620f\u4e0d\u4f1a\u5d29\u6e83
----------------------------------------------------------
------------
Traceback (most recent call last):
  File "C:\Users\loolo\OneDrive\Documents\Project\3Doors\T
hreeDoors\test_game.py", line 495, in 
test_random_button_clicks
    print(f"\n\u5df2\u5b8c\u6210 {i + 1} 
\u6b21\u968f\u673a\u70b9\u51fb\u6d4b\u8bd5")
    ~~~~~^^^^^^^^^^^^^^^^^^^^^^^^^^^^^^^^^^^^
  File "C:\Users\loolo\AppData\Local\Programs\Python\Pytho
n314\Lib\encodings\cp1252.py", line 19, in encode
    return 
codecs.charmap_encode(input,self.errors,encoding_table)[0]
           
~~~~~~~~~~~~~~~~~~~~~^^^^^^^^^^^^^^^^^^^^^^^^^^^^^^^^^^
UnicodeEncodeError: 'charmap' codec can't encode 
characters in position 2-4: character maps to <undefined>

During handling of the above exception, another exception 
occurred:

Traceback (most recent call last):
  File "C:\Users\loolo\OneDrive\Documents\Project\3Doors\T
hreeDoors\test_game.py", line 503, in 
test_random_button_clicks
    print(f"\u9519\u8bef\u53d1\u751f\u65f6\u7684\u573a\u66
6f\uff1a{current_scene}")
    ~~~~~^^^^^^^^^^^^^^^^^^^^^^^^^^^^^^^^^^^^^^
  File "C:\Users\loolo\AppData\Local\Programs\Python\Pytho
n314\Lib\encodings\cp1252.py", line 19, in encode
    return 
codecs.charmap_encode(input,self.errors,encoding_table)[0]
           
~~~~~~~~~~~~~~~~~~~~~^^^^^^^^^^^^^^^^^^^^^^^^^^^^^^^^^^
UnicodeEncodeError: 'charmap' codec can't encode 
characters in position 0-8: character maps to <undefined>

==========================================================
============
FAIL: test_scene_transitions 
(__main__.TestSceneSystem.test_scene_transitions)
\u6d4b\u8bd5\u573a\u666f\u5207\u6362
----------------------------------------------------------
------------
Traceback (most recent call last):
  File "C:\Users\loolo\OneDrive\Documents\Project\3Doors\T
hreeDoors\test_game.py", line 659, in 
test_scene_transitions
    self.assertIsInstance(self.controller.scene_manager.cu
rrent_scene, GameOverScene)
    ~~~~~~~~~~~~~~~~~~~~~^^^^^^^^^^^^^^^^^^^^^^^^^^^^^^^^^
^^^^^^^^^^^^^^^^^^^^^^^^^^^
AssertionError: <scenes.DoorScene object at 
0x000001E97F18F230> is not an instance of <class 
'scenes.GameOverScene'>

----------------------------------------------------------
------------
Ran 26 tests in 0.029s

FAILED (failures=1, errors=6)
